Copyright 1986-2021 Xilinx, Inc. All Rights Reserved.
------------------------------------------------------------------------------------
| Tool Version : Vivado v.2021.1 (win64) Build 3247384 Thu Jun 10 19:36:33 MDT 2021
| Date         : Wed Dec 22 21:32:51 2021
| Host         : MECHREVO-Bill running 64-bit major release  (build 9200)
| Command      : report_control_sets -verbose -file Top_control_sets_placed.rpt
| Design       : Top
| Device       : xc7a100t
------------------------------------------------------------------------------------

Control Set Information

Table of Contents
-----------------
1. Summary
2. Histogram
3. Flip-Flop Distribution
4. Detailed Control Set Information

1. Summary
----------

+----------------------------------------------------------+-------+
|                          Status                          | Count |
+----------------------------------------------------------+-------+
| Total control sets                                       |    20 |
|    Minimum number of control sets                        |    20 |
|    Addition due to synthesis replication                 |     0 |
|    Addition due to physical synthesis replication        |     0 |
| Unused register locations in slices containing registers |    93 |
+----------------------------------------------------------+-------+
* Control sets can be merged at opt_design using control_set_merge or merge_equivalent_drivers
** Run report_qor_suggestions for automated merging and remapping suggestions


2. Histogram
------------

+--------------------+-------+
|       Fanout       | Count |
+--------------------+-------+
| Total control sets |    20 |
| >= 0 to < 4        |    10 |
| >= 4 to < 6        |     3 |
| >= 6 to < 8        |     2 |
| >= 8 to < 10       |     2 |
| >= 10 to < 12      |     1 |
| >= 12 to < 14      |     1 |
| >= 14 to < 16      |     0 |
| >= 16              |     1 |
+--------------------+-------+
* Control sets can be remapped at either synth_design or opt_design


3. Flip-Flop Distribution
-------------------------

+--------------+-----------------------+------------------------+-----------------+--------------+
| Clock Enable | Synchronous Set/Reset | Asynchronous Set/Reset | Total Registers | Total Slices |
+--------------+-----------------------+------------------------+-----------------+--------------+
| No           | No                    | No                     |              13 |            4 |
| No           | No                    | Yes                    |              35 |           15 |
| No           | Yes                   | No                     |               0 |            0 |
| Yes          | No                    | No                     |               8 |            8 |
| Yes          | No                    | Yes                    |              24 |            7 |
| Yes          | Yes                   | No                     |              19 |            5 |
+--------------+-----------------------+------------------------+-----------------+--------------+


4. Detailed Control Set Information
-----------------------------------

+----------------+--------------------------+------------------+------------------+----------------+--------------+
|  Clock Signal  |       Enable Signal      | Set/Reset Signal | Slice Load Count | Bel Load Count | Bels / Slice |
+----------------+--------------------------+------------------+------------------+----------------+--------------+
|  clk_IBUF_BUFG | reader/rx_reg_63_out     |                  |                1 |              1 |         1.00 |
|  clk_IBUF_BUFG | reader/rx_reg_47_out     |                  |                1 |              1 |         1.00 |
|  clk_IBUF_BUFG | reader/rx_reg_39_out     |                  |                1 |              1 |         1.00 |
|  clk_IBUF_BUFG | reader/rx_reg_71_out     |                  |                1 |              1 |         1.00 |
|  clk_IBUF_BUFG | reader/rx_reg_211_out    |                  |                1 |              1 |         1.00 |
|  clk_IBUF_BUFG | reader/rx_reg_015_out    |                  |                1 |              1 |         1.00 |
|  clk_IBUF_BUFG | reader/rx_reg_113_out    |                  |                1 |              1 |         1.00 |
|  clk_IBUF_BUFG | reader/rx_reg_55_out     |                  |                1 |              1 |         1.00 |
|  clk_IBUF_BUFG | writer/tx_i_1_n_0        | rst_IBUF         |                1 |              1 |         1.00 |
|  clk_IBUF_BUFG |                          |                  |                1 |              2 |         2.00 |
|  clk_IBUF_BUFG | reader/rx_cnt[3]_i_1_n_0 | rst_IBUF         |                1 |              4 |         4.00 |
|  clk_IBUF_BUFG | writer/tx_cnt0           | rst_IBUF         |                2 |              5 |         2.50 |
|  clk_IBUF_BUFG | input_iterator           | tx_data0         |                2 |              5 |         2.50 |
|  clk_IBUF_BUFG | writer/tx_rd0            | rst_IBUF         |                2 |              6 |         3.00 |
|  clk_IBUF_BUFG | tx_ready                 | tx_data0         |                1 |              6 |         6.00 |
|  clk_IBUF_BUFG | reader/rx_vld0           | rst_IBUF         |                1 |              8 |         8.00 |
|  clk_IBUF_BUFG | output_iterator          | tx_data0         |                2 |              8 |         4.00 |
|  next_state    |                          |                  |                3 |             11 |         3.67 |
|  clk_IBUF_BUFG | input_array              |                  |                2 |             12 |         6.00 |
|  clk_IBUF_BUFG |                          | rst_IBUF         |               15 |             35 |         2.33 |
+----------------+--------------------------+------------------+------------------+----------------+--------------+


